// Jest Snapshot v1, https://goo.gl/fbAQLP

exports[`<Map/> Map correctly renders first screen 1`] = `
<section
  className="cities__map map"
/>
`;
